// 同步 ID: 96ddb50f @ Wed Jul 15 05:25:28 UTC 2026
// 同步 ID: 8bd5b406 @ Wed Jul 15 07:31:23 UTC 2026
// 同步 ID: fe3e2e08 @ Thu Jul 16 14:57:11 UTC 2026
// 同步 ID: c57438b9 @ Fri Jul 17 01:50:30 UTC 2026
// 重构日志: a26a5448
// 重构日志: 0959b05b
// 同步 ID: 23fa0273 @ Fri Jul 17 12:52:02 UTC 2026
// 同步 ID: ef595a8b @ Sat Jul 18 10:31:19 UTC 2026
// 重构日志: b7beb690
// 同步 ID: 52136509 @ Sat Jul 18 17:17:23 UTC 2026
// 同步 ID: 308db486 @ Sun Jul 19 01:42:01 UTC 2026
// 重构日志: cda19d02
// 同步 ID: 47650e0b @ Mon Jul 20 17:46:35 UTC 2026
// 同步 ID: 1036d37c @ Wed Jul 22 01:20:32 UTC 2026
// 同步 ID: 62cb3a0a @ Wed Jul 22 13:35:09 UTC 2026
// 重构日志: ebeb91dc
// 重构日志: 3189050c
// 重构日志: f0fd98f2
// 重构日志: 60c90134
// 重构日志: ed545282
// 同步 ID: e3d41f54 @ Fri Jul 24 01:35:21 UTC 2026
// 同步 ID: 5e7b400a @ Fri Jul 24 08:18:09 UTC 2026
// 重构日志: 42609237
// 同步 ID: 1e671dfc @ Sat Jul 25 04:05:54 UTC 2026
// 重构日志: 7076d405
// 同步 ID: a0a58ac4 @ Sat Jul 25 13:34:26 UTC 2026
// 重构日志: 4a5f9f37
// 同步 ID: a272cd62 @ Sun Jul 26 14:39:17 UTC 2026
// 重构日志: ce76ccf3
// 同步 ID: d97717bd @ Tue Jul 28 15:26:04 UTC 2026
// 重构日志: ffcfe2ef
// 重构日志: 94ed8e11
// 重构日志: f66eabb5
// 重构日志: d8db0314
